#2 ERROR "String contains null character."
#3 OBJECTID a
#3 '+'
