#1 STR_CONST "other unescaped whitespace: \t\f\018\011"
