#1 OBJECTID before_it
#5 ERROR "Unterminated string constant"
