#3 STR_CONST "\\"
#3 STR_CONST "\"\""
#3 ERROR "\\"
#3 ERROR "\\"
#3 STR_CONST ""
#3 ERROR "\\"
#3 STR_CONST "\\"
#3 ERROR "\\"
#3 STR_CONST "\\"
#3 STR_CONST ""
#3 ERROR "\\"
#3 STR_CONST "\""
#3 ERROR "\\"
#4 ERROR "Unterminated string constant"
