Line 8: Attribute moo is already defined in class B or an inherited class.
Compilation halted due to static semantic errors.
