Line 3: Redefinition of basic class Int.
Compilation halted due to static semantic errors.
