#12
_program
  #1
  _class
    Main
    Object
    (
    #1
    _method
      main
      Int
      #1
      _int
        0
      : Int
    )
  #3
  _class
    A
    Object
    (
    )
  #4
  _class
    B
    Object
    (
    )
  #12
  _class
    C
    Object
    (
    #6
    _attr
      a
      A
      #6
      _no_expr
      : _no_type
    #7
    _attr
      b
      B
      #7
      _no_expr
      : _no_type
    #11
    _method
      compare
      Bool
      #11
      _eq
        #10
        _object
          a
        : A
        #11
        _object
          b
        : B
      : Bool
    )
