#6
_program
  #1
  _class
    A
    Object
    (
    #1
    _attr
      x
      Int
      #1
      _no_expr
      : _no_type
    #1
    _attr
      y
      String
      #1
      _no_expr
      : _no_type
    )
  #3
  _class
    L
    A
    (
    #3
    _method
      foo
      Int
      #3
      _object
        x
      : Int
    )
  #4
  _class
    R
    A
    (
    #4
    _method
      foo
      String
      #4
      _object
        y
      : String
    )
  #6
  _class
    Main
    Object
    (
    #6
    _method
      main
      Int
      #6
      _dispatch
        #6
        _new
          L
        : L
        foo
        (
        )
      : Int
    )
