Line 3: Redefinition of basic class Object.
Compilation halted due to static semantic errors.
