Line 1: syntax error at or near OBJECTID = goodbye
Compilation halted due to lex and parse errors
